Realignment events to analyze: 5419 

Distribution of number of ties changed at realignment:

   1    3 
5414    5 

Events with exactly one tie changed: 5414 of 5419 (99.9%)

=== Data feature: embeddedness is tied across a triad's 3 edges far more than expected ===
All three tied: 74.6 %
Exactly 2 tied: 22.6 %
All 3 distinct: 2.7 %
(This happens because triads embedded in a dense alliance bloc share most of their
 common neighbors across all three edges simultaneously -- a real structural feature
 of alliance blocs, not a data artifact. It means a naive 'is this tie tied for the
 min' test is dominated by degenerate 3-way ties and is not a meaningful ranking test.)

=== H2, naive test (counts ties as 'success'): was the changed tie tied for the minimum? ===
Observed: 82.9 % (null = 33.3% if chosen at random)

	Exact binomial test

data:  sum(single$is_min, na.rm = TRUE) and sum(!is.na(single$is_min))
number of successes = 4488, number of trials = 5414, p-value < 2.2e-16
alternative hypothesis: true probability of success is not equal to 0.3333333
95 percent confidence interval:
 0.818663 0.838905
sample estimates:
probability of success 
              0.828962 


=== H2, PRIMARY test: restricted to events with a strict, unambiguous minimum ===
N events with all 3 embeddedness values distinct: 148 
Observed: 27 % (null = 33.3%)

	Exact binomial test

data:  sum(strict$is_unique_min, na.rm = TRUE) and nrow(strict)
number of successes = 40, number of trials = 148, p-value = 0.1163
alternative hypothesis: true probability of success is not equal to 0.3333333
95 percent confidence interval:
 0.2006277 0.3493507
sample estimates:
probability of success 
             0.2702703 


=== Conditional logit, full sample (degenerate tied strata contribute no
    information to the likelihood, but are not literally excluded) ===
Call:
coxph(formula = Surv(rep(1, 16242L), changed) ~ embeddedness + 
    strata(event_id), data = long, method = "exact")

  n= 16242, number of events= 5414 

                coef exp(coef) se(coef)     z Pr(>|z|)    
embeddedness 0.16974   1.18499  0.01309 12.97   <2e-16 ***
---
Signif. codes:  0 ‘***’ 0.001 ‘**’ 0.01 ‘*’ 0.05 ‘.’ 0.1 ‘ ’ 1

             exp(coef) exp(-coef) lower .95 upper .95
embeddedness     1.185     0.8439     1.155     1.216

Concordance= 0.555  (se = 0.004 )
Likelihood ratio test= 313.4  on 1 df,   p=<2e-16
Wald test            = 168.2  on 1 df,   p=<2e-16
Score (logrank) test = 292.8  on 1 df,   p=<2e-16


=== Conditional logit, restricted to strata with all 3 embeddedness values distinct ===
Call:
coxph(formula = Surv(rep(1, 444L), changed) ~ embeddedness + 
    strata(event_id), data = long_strict, method = "exact")

  n= 444, number of events= 148 

                coef exp(coef) se(coef)    z Pr(>|z|)
embeddedness 0.02271   1.02297  0.01831 1.24    0.215

             exp(coef) exp(-coef) lower .95 upper .95
embeddedness     1.023     0.9775    0.9869      1.06

Concordance= 0.574  (se = 0.044 )
Likelihood ratio test= 1.51  on 1 df,   p=0.2
Wald test            = 1.54  on 1 df,   p=0.2
Score (logrank) test = 1.58  on 1 df,   p=0.2


=== H2, betweenness version (much better powered: n=1781 with all 3 distinct) ===
Observed: changed tie has the MINIMUM betweenness in 24 % of events (null = 33.3%)

	Exact binomial test

data:  sum(strict_b$is_min_btw) and nrow(strict_b)
number of successes = 428, number of trials = 1781, p-value < 2.2e-16
alternative hypothesis: true probability of success is not equal to 0.3333333
95 percent confidence interval:
 0.2206308 0.2608571
sample estimates:
probability of success 
             0.2403144 

This is significantly BELOW chance: realignment concentrates on the tie with the
HIGHEST, not lowest, betweenness within the triad -- the opposite of H2 as stated.

09_h2_tie_choice.R complete. See results/h2_tie_choice_output.txt
