Total time: 402.4 sec
# A tibble: 24 × 6
    year threshold_pct model                 balanced unbalanced dissolved
   <dbl>         <dbl> <chr>                    <dbl>      <dbl>     <dbl>
 1  1914            10 A: Classical             1          0        0     
 2  1914            10 B: Exit-vs-adaptation    0.919      0        0.0807
 3  1914            25 A: Classical             1          0        0     
 4  1914            25 B: Exit-vs-adaptation    0.835      0        0.165 
 5  1914            50 A: Classical             1          0        0     
 6  1914            50 B: Exit-vs-adaptation    0.694      0        0.306 
 7  1949            10 A: Classical             0.744      0.256    0     
 8  1949            10 B: Exit-vs-adaptation    0.730      0.258    0.0120
 9  1949            25 A: Classical             0.685      0.315    0     
10  1949            25 B: Exit-vs-adaptation    0.656      0.322    0.0224
11  1949            50 A: Classical             0.684      0.316    0     
12  1949            50 B: Exit-vs-adaptation    0.876      0        0.124 
13  1985            10 A: Classical             0.591      0.409    0     
14  1985            10 B: Exit-vs-adaptation    0.579      0.395    0.0255
15  1985            25 A: Classical             0.596      0.404    0     
16  1985            25 B: Exit-vs-adaptation    0.597      0.370    0.0329
17  1985            50 A: Classical             0.571      0.429    0     
18  1985            50 B: Exit-vs-adaptation    0.870      0        0.130 
19  2005            10 A: Classical             0.548      0.452    0     
20  2005            10 B: Exit-vs-adaptation    0.583      0.375    0.0422
21  2005            25 A: Classical             0.555      0.445    0     
22  2005            25 B: Exit-vs-adaptation    0.652      0.263    0.0851
23  2005            50 A: Classical             0.553      0.447    0     
24  2005            50 B: Exit-vs-adaptation    0.909      0        0.0913

=== Qualitative check: does Model B always reach higher balanced share than Model A? ===
# A tibble: 12 × 5
    year threshold_pct     A     B B_higher
   <dbl>         <dbl> <dbl> <dbl> <lgl>   
 1  1914            10 1     0.919 FALSE   
 2  1914            25 1     0.835 FALSE   
 3  1914            50 1     0.694 FALSE   
 4  1949            10 0.744 0.730 FALSE   
 5  1949            25 0.685 0.656 FALSE   
 6  1949            50 0.684 0.876 TRUE    
 7  1985            10 0.591 0.579 FALSE   
 8  1985            25 0.596 0.597 TRUE    
 9  1985            50 0.571 0.870 TRUE    
10  2005            10 0.548 0.583 TRUE    
11  2005            25 0.555 0.652 TRUE    
12  2005            50 0.553 0.909 TRUE    

B > A in 6 of 12 network x threshold combinations

11_abm_threshold_robustness.R complete.
